------------------------------------------------------------
Timing Analyzer Summary
------------------------------------------------------------

Type  : Slow 1100mV 85C Model Setup 'clk'
Slack : -0.059
TNS   : -0.096

Type  : Slow 1100mV 85C Model Hold 'clk'
Slack : 0.254
TNS   : 0.000

Type  : Slow 1100mV 85C Model Minimum Pulse Width 'clk'
Slack : -0.394
TNS   : -1.540

Type  : Slow 1100mV 0C Model Setup 'clk'
Slack : -0.089
TNS   : -0.161

Type  : Slow 1100mV 0C Model Hold 'clk'
Slack : 0.231
TNS   : 0.000

Type  : Slow 1100mV 0C Model Minimum Pulse Width 'clk'
Slack : -0.394
TNS   : -1.709

Type  : Fast 1100mV 85C Model Setup 'clk'
Slack : 0.322
TNS   : 0.000

Type  : Fast 1100mV 85C Model Hold 'clk'
Slack : 0.146
TNS   : 0.000

Type  : Fast 1100mV 85C Model Minimum Pulse Width 'clk'
Slack : -0.078
TNS   : -0.232

Type  : Fast 1100mV 0C Model Setup 'clk'
Slack : 0.366
TNS   : 0.000

Type  : Fast 1100mV 0C Model Hold 'clk'
Slack : 0.132
TNS   : 0.000

Type  : Fast 1100mV 0C Model Minimum Pulse Width 'clk'
Slack : -0.081
TNS   : -0.241

------------------------------------------------------------
